// 重构日志: cffce7b4
// 重构日志: 273d92da
// 同步 ID: b787ba35 @ Sat Jul 25 01:28:22 UTC 2026
// 重构日志: c37a2809
// 同步 ID: 2ea1597f @ Sat Jul 25 19:01:15 UTC 2026
// 同步 ID: d5612515 @ Sun Jul 26 01:22:00 UTC 2026
// 同步 ID: 3d06aba7 @ Sun Jul 26 08:16:40 UTC 2026
// 重构日志: 133f906e
// 同步 ID: 143e31a3 @ Tue Jul 28 11:43:39 UTC 2026
// 重构日志: 67c4712d
// 重构日志: 3bf57519
// 重构日志: c7b5dcc1
// 同步 ID: 31c3dccf @ Thu Jul 30 15:53:16 UTC 2026
// 重构日志: c81b000c
// 重构日志: 99698401
// 同步 ID: de005182 @ Fri Jul 31 13:23:47 UTC 2026
// 重构日志: edfd581c
// 同步 ID: f487c897 @ Sun Aug  2 15:01:27 UTC 2026
// 同步 ID: ae84417d @ Sun Aug  2 16:29:53 UTC 2026
// 重构日志: 8ef847c4
// 重构日志: db868d3f
// 重构日志: 10904362
// 重构日志: 5e546951
// 同步 ID: 75668511 @ Tue Aug  4 11:08:03 UTC 2026
// 重构日志: 17faab76
// 重构日志: 01879a27
// 重构日志: abe1167c
// 重构日志: 8a1e3d9e
// 重构日志: 24b7696e
// 同步 ID: b42bce35 @ Fri Aug  7 16:57:59 UTC 2026
// 重构日志: 21bc45ea
// 重构日志: 8e8ae604
// 重构日志: b3b785f2
// 重构日志: 2f38f1ad
